[wistoncorp.com/index.html]
[backblue.gif]
[fade.gif]
[index.html]
[wistoncorp.com/assets/images/wisclogo.png]
[wistoncorp.com/assets/css/font-awesome.min.css]
[wistoncorp.com/assets/css/flaticon.css]
[wistoncorp.com/assets/css/bootstrap.min.css]
[wistoncorp.com/assets/css/animate.min.css]
[wistoncorp.com/assets/css/magnific-popup.css]
[wistoncorp.com/assets/css/owl.carousel.min.css]
[wistoncorp.com/assets/css/slicknav.min.css]
[wistoncorp.com/stylex.css]
[www.smartsuppchat.com/loaderd41d.js]
[translate.google.com/translate_a/elementa0d8.js]
[cdnjs.cloudflare.com/ajax/libs/jquery/3.3.1/jquery.min.js]
[wistoncorp.com/indexbc14.html]
[files.coinmarketcap.com/static/widget/coinMarquee.js]
[wistoncorp.com/index38cd.html]
[wistoncorp.com/index3898.html]
[wistoncorp.com/index49b5.html]
[wistoncorp.com/assets/images/poster.jpg]
[wistoncorp.com/indexc30b.html]
[wistoncorp.com/indexcca3.html]
[wistoncorp.com/index15a0.html]
[wistoncorp.com/assets/images/slidess.jpg]
[wistoncorp.com/assets/images/fca.png]
[wistoncorp.com/assets/images/cert.png]
[wistoncorp.com/assets/images/coin.pdf]
[wistoncorp.com/assets/images/security.png]
[wistoncorp.com/assets/images/cus.png]
[wistoncorp.com/assets/images/easy.png]
[wistoncorp.com/assets/images/fast.png]
[wistoncorp.com/assets/images/oil.png]
[wistoncorp.com/assets/images/f.png]
[wistoncorp.com/assets/images/real.png]
[wistoncorp.com/assets/images/gold.png]
[wistoncorp.com/assets/images/binary.png]
[files.coinmarketcap.com/static/widget/coinPriceBlock.js]
[wistoncorp.com/images/1000.gif]
[wistoncorp.com/images/1001.gif]
[wistoncorp.com/images/1004.gif]
[wistoncorp.com/assets/images/p1.png]
[wistoncorp.com/assets/images/p2.png]
[wistoncorp.com/assets/images/p4.png]
[wistoncorp.com/assets/images/p5.png]
[wistoncorp.com/assets/images/p6.png]
[wistoncorp.com/assets/images/p7.png]
[wistoncorp.com/assets/images/s1.png]
[wistoncorp.com/assets/images/s2.png]
[wistoncorp.com/assets/images/s3.png]
[wistoncorp.com/assets/images/s4.png]
[wistoncorp.com/assets/images/s5.png]
[wistoncorp.com/assets/images/s6.png]
[wistoncorp.com/styles/calc/jquery-2.js]
[wistoncorp.com/styles/calc/calc.js]
[wistoncorp.com/assets/images/pay.jpg]
[wistoncorp.com/indexa972.html]
[wistoncorp.com/index56ca.html]
[wistoncorp.com/assets/js/jquery-1.12.4.min.js]
[wistoncorp.com/assets/js/popper.min.js]
[wistoncorp.com/assets/js/bootstrap.min.js]
[wistoncorp.com/assets/js/owl.carousel.min.js]
[wistoncorp.com/assets/js/waypoint.js]
[wistoncorp.com/assets/js/counterup.js]
[wistoncorp.com/assets/js/isotope.min.js]
[wistoncorp.com/assets/js/jquery.appear.js]
[wistoncorp.com/assets/js/jquery.magnific-popup.min.js]
[wistoncorp.com/assets/js/sticky.js]
[wistoncorp.com/assets/js/slicknav.min.js]
[wistoncorp.com/assets/js/active.js]
[wistoncorp.com/assets/js/load.js]
[wistoncorp.com/index.html]
[wistoncorp.com/assets/fonts/fontawesome-webfont3e6e3e6e3e6e.eot]
[wistoncorp.com/assets/fonts/fontawesome-webfontd41dd41dd41d.eot]
[wistoncorp.com/assets/fonts/fontawesome-webfont3e6e3e6e3e6e.woff2]
[wistoncorp.com/assets/fonts/fontawesome-webfont3e6e3e6e3e6e.woff]
[wistoncorp.com/assets/css/font-awesome.min.css]
[wistoncorp.com/assets/fonts/fontawesome-webfont3e6e3e6e3e6e.ttf]
[wistoncorp.com/assets/fonts/Flaticon.eot]
[wistoncorp.com/assets/fonts/fontawesome-webfont3e6e3e6e3e6e.svg]
[wistoncorp.com/assets/fonts/Flaticond41dd41dd41d.eot]
[wistoncorp.com/assets/fonts/Flaticon.woff]
[wistoncorp.com/assets/fonts/Flaticon.ttf]
[wistoncorp.com/assets/css/flaticon.css]
[wistoncorp.com/assets/css/bootstrap.min.css]
[wistoncorp.com/assets/css/animate.min.css]
[wistoncorp.com/assets/css/magnific-popup.css]
[wistoncorp.com/assets/fonts/Flaticon.svg]
[wistoncorp.com/assets/css/owl.video.play.html]
[wistoncorp.com/assets/css/owl.carousel.min.css]
[wistoncorp.com/assets/css/slicknav.min.css]
[wistoncorp.com/assets/images/slide-bg-1.jpg]
[wistoncorp.com/assets/images/slide-bg-2.jpg]
[wistoncorp.com/assets/images/slide-bg-3.jpg]
[wistoncorp.com/assets/images/about-hover-bg.jpg]
[wistoncorp.com/assets/images/home-1-service-bg.jpg]
[wistoncorp.com/assets/images/section-right-img-1.png]
[wistoncorp.com/assets/images/testimonial-1.png]
[wistoncorp.com/assets/images/testimonial-2.png]
[wistoncorp.com/assets/images/testimonial-3.png]
[wistoncorp.com/assets/images/work-img-1.jpg]
[wistoncorp.com/assets/images/work-img-2.jpg]
[wistoncorp.com/assets/images/work-img-3.jpg]
[wistoncorp.com/assets/images/work-img-4.jpg]
[wistoncorp.com/assets/images/work-img-5.jpg]
[wistoncorp.com/assets/images/work-img-6.jpg]
[wistoncorp.com/assets/images/work-img-7.jpg]
[wistoncorp.com/assets/images/work-img-8.jpg]
[wistoncorp.com/assets/images/work-img-9.jpg]
[wistoncorp.com/assets/images/work-img-10.jpg]
[wistoncorp.com/assets/images/counter-bg-1.jpg]
[wistoncorp.com/assets/images/blog-1.jpg]
[wistoncorp.com/assets/images/blog-2.jpg]
[wistoncorp.com/assets/images/blog-3.jpg]
[wistoncorp.com/assets/images/gal-3.jpg]
[wistoncorp.com/assets/images/man.png]
[wistoncorp.com/assets/images/footer-bg.png]
[wistoncorp.com/assets/images/post-thumb-1.png]
[wistoncorp.com/assets/images/post-thumb-2.jpg]
[wistoncorp.com/assets/images/post-thumb-3.jpg]
[wistoncorp.com/assets/images/banner.jpg]
[wistoncorp.com/assets/images/progress-area-bg.jpg]
[wistoncorp.com/assets/images/tm.jpg]
[wistoncorp.com/assets/images/img-icon.png]
[wistoncorp.com/assets/images/gal-1.jpg]
[wistoncorp.com/assets/images/gal-2.jpg]
[wistoncorp.com/assets/images/spinner.gif]
[wistoncorp.com/stylex.css]
[wistoncorp.com/“https_/www.smartsupp.html]
[wistoncorp.com/indexbc14.html]
[wistoncorp.com/assets/images/about-us-1.jpg]
[wistoncorp.com/assets/images/team1.jpg]
[wistoncorp.com/assets/images/team2.png]
[wistoncorp.com/assets/images/team3.png]
[wistoncorp.com/assets/images/team4.png]
[wistoncorp.com/index3898.html]
[wistoncorp.com/index49b5.html]
[wistoncorp.com/index38cd.html]
[wistoncorp.com/index15a0.html]
[wistoncorp.com/indexc30b.html]
[wistoncorp.com/indexcca3.html]
[wistoncorp.com/capitalgaintraders.html]
[wistoncorp.com/images/calculator.html]
[wistoncorp.com/images/pig-icon.html]
[wistoncorp.com/images/1002.html]
[wistoncorp.com/images/1003.html]
[wistoncorp.com/modern_theme/build/img/header.html]
[wistoncorp.com/cdn-cgi/scripts/5c5dd728/cloudflare-static/email-decode.min.html]
[wistoncorp.com/indexa972.html]
[wistoncorp.com/index56ca.html]
[wistoncorp.com/assets/fonts/fontawesome-webfont3e6e3e6e3e6e.svg]
[wistoncorp.com/assets/fonts/Flaticon.svg]
[wistoncorp.com/assets/css/owl.video.play.html]
[wistoncorp.com/index-2.html]
[wistoncorp.com/index8083.html]
[wistoncorp.com/indexbc14-2.html]
[wistoncorp.com/index3898-2.html]
[wistoncorp.com/index49b5-2.html]
[wistoncorp.com/index38cd-2.html]
[wistoncorp.com/index15a0-2.html]
[wistoncorp.com/indexc30b-2.html]
[wistoncorp.com/indexcca3-2.html]
[wistoncorp.com/indexa972-2.html]
[wistoncorp.com/index-2.html]
[wistoncorp.com/index56ca-2.html]
[wistoncorp.com/index8083.html]
[wistoncorp.com/indexbc14-2.html]
[wistoncorp.com/index3898-2.html]
[wistoncorp.com/index49b5-2.html]
[wistoncorp.com/index38cd-2.html]
[wistoncorp.com/index15a0-2.html]
[wistoncorp.com/indexc30b-2.html]
[wistoncorp.com/indexcca3-2.html]
[wistoncorp.com/indexa972-2.html]
[wistoncorp.com/index56ca-2.html]
[wistoncorp.com/index8083-2.html]
[wistoncorp.com/index8083-2.html]
[i.ibb.co/6gXK733/logo-white.png]
